============================= test session starts ==============================
platform linux -- Python 3.9.24, pytest-8.4.2, pluggy-1.6.0
rootdir: /home/project/devops-capstone-project
plugins: Faker-37.11.0
collected 32 items

tests/test_cli_commands.py .                                             [  3%]
tests/test_error_handler.py ......                                       [ 21%]
tests/test_models.py ...........                                         [ 56%]
tests/test_routes.py ..............                                      [100%]

=============================== warnings summary ===============================
tests/test_models.py::TestAccount::test_read_account
  /home/project/devops-capstone-project/service/models.py:76: LegacyAPIWarning: Deprecated API features detected! These feature(s) are not compatible with SQLAlchemy 2.0. To prevent incompatible upgrades prior to updating applications, ensure requirements files are pinned to "sqlalchemy<2.0". Set environment variable SQLALCHEMY_WARN_20=1 to show all deprecation warnings.  Set environment variable SQLALCHEMY_SILENCE_UBER_WARNING=1 to silence this message. (Background on SQLAlchemy 2.0 at: https://sqlalche.me/e/b8d9)
    return cls.query.get(by_id)

-- Docs: https://docs.pytest.org/en/stable/how-to/capture-warnings.html
======================== 32 passed, 1 warning in 0.98s =========================
